[dotenv@17.2.0] injecting env (7) from .env (tip: ΓÜÖ∩╕Å  specify custom .env file path with { path: '/custom/path/.env' })

--- TEST RESULTS ---
Γ£à Storage Buckets: 
Γ¥î MISSING BUCKET: 'messages'
Γ£à 'users' table is accessible.
Γ£à 'messages' table is accessible.
--------------------

